
C:\Users\pc>git config --global user.name "charlesdjade"

C:\Users\pc>git config --global user.email "communicationh4@gmail.com"

C:\Users\pc>git config --list
diff.astextplain.textconv=astextplain
filter.lfs.clean=git-lfs clean -- %f
filter.lfs.smudge=git-lfs smudge -- %f
filter.lfs.process=git-lfs filter-process
filter.lfs.required=true
http.sslbackend=openssl
http.sslcainfo=C:/Program Files/Git/mingw64/etc/ssl/certs/ca-bundle.crt
core.autocrlf=true
core.fscache=true
core.symlinks=false
pull.rebase=false
credential.helper=manager
credential.https://dev.azure.com.usehttppath=true
init.defaultbranch=master
user.name=charlesdjade
user.email=communicationh4@gmail.com

C:\Users\pc>mkdir mon-projet
Un sous-répertoire ou un fichier mon-projet existe déjà.

C:\Users\pc>cd mon-projet

C:\Users\pc\mon-projet>git init
Reinitialized existing Git repository in C:/Users/pc/mon-projet/.git/

C:\Users\pc\mon-projet>echo. > README.md #commande

C:\Users\pc\mon-projet>echo "mon projet-declic" > README.md

C:\Users\pc\mon-projet>git add README.md

C:\Users\pc\mon-projet>git commit -m "Premier commit"
[main 498f6ab] Premier commit
 1 file changed, 1 insertion(+), 1 deletion(-)

C:\Users\pc\mon-projet>git status
On branch main
nothing to commit, working tree clean

C:\Users\pc\mon-projet>git log
commit 498f6ab38b28f61425c062e8f0fb9c9c78138d6b (HEAD -> main)
Author: charlesdjade <communicationh4@gmail.com>
Date:   Fri Dec 27 17:04:04 2024 +0100

    Premier commit

commit 1855b5485bee995f3def7d55fe916a0a25cc02e4
Author: charlesdjade <communicationh4@gmail.com>
Date:   Fri Dec 27 15:25:49 2024 +0100

    Premier commit

commit fc309df58ae0828f71193f0be44bc872ab3c0ac9
Author: charlesdjade <communicationh4@gmail.com>
Date:   Fri Dec 27 14:41:19 2024 +0100

    Premier commit

C:\Users\pc\mon-projet>git remote add origin https://github.com/24heureinfo/mon-projet-dclic.git
error: remote origin already exists.

C:\Users\pc\mon-projet>git branch -M main

C:\Users\pc\mon-projet>git push -u origin main
info: please complete authentication in your browser...
remote: Repository not found.
fatal: repository 'https://github.com/votre-24heureinfo/mon-projet.git/' not found

C:\Users\pc\mon-projet>
C:\Users\pc\mon-projet>git commit -m "Ajout d'un nouveau fichier"
On branch main
nothing to commit, working tree clean

C:\Users\pc\mon-projet>
C:\Users\pc\mon-projet>git commit -m "rapport.docx"
On branch main
nothing to commit, working tree clean

C:\Users\pc\mon-projet>git push origin main
info: please complete authentication in your browser...
remote: Repository not found.
fatal: repository 'https://github.com/votre-24heureinfo/mon-projet.git/' not found

C:\Users\pc\mon-projet>
C:\Users\pc\mon-projet>
